========================================
Identity Weight Tuning Monitor
Started: Mon Nov  3 03:04:42 PM PST 2025
========================================

========================================
IDENTITY WEIGHT TUNING PROGRESS
Timestamp: 2025-11-03 15:04:42
========================================

Progress: 0 / 6 experiments completed

Detailed Status:
----------------
  γ = 0_00: ⏳ RUNNING (epoch 0/15)
  γ = 0_10: ⏸️ PENDING
  γ = 1_00: ⏸️ PENDING
  γ = 10_00: ⏸️ PENDING
  γ = 100_00: ⏸️ PENDING
  γ = 1000_00: ⏸️ PENDING

Next check in 30 minutes...

========================================
IDENTITY WEIGHT TUNING PROGRESS
Timestamp: 2025-11-03 15:34:42
========================================

Progress: 1 / 6 experiments completed

Detailed Status:
----------------
  γ = 0_00: ✓ COMPLETED (15 epochs, val_loss=28.519295)
  γ = 0_10: ⏳ RUNNING (epoch 9/15)
  γ = 1_00: ⏸️ PENDING
  γ = 10_00: ⏸️ PENDING
  γ = 100_00: ⏸️ PENDING
  γ = 1000_00: ⏸️ PENDING

Next check in 30 minutes...

========================================
IDENTITY WEIGHT TUNING PROGRESS
Timestamp: 2025-11-03 16:04:42
========================================

Progress: 2 / 6 experiments completed

Detailed Status:
----------------
  γ = 0_00: ✓ COMPLETED (15 epochs, val_loss=28.519295)
  γ = 0_10: ✓ COMPLETED (15 epochs, val_loss=28.989125)
  γ = 1_00: ⏳ RUNNING (epoch 9/15)
  γ = 10_00: ⏸️ PENDING
  γ = 100_00: ⏸️ PENDING
  γ = 1000_00: ⏸️ PENDING

Next check in 30 minutes...

========================================
IDENTITY WEIGHT TUNING PROGRESS
Timestamp: 2025-11-03 16:34:42
========================================

Progress: 3 / 6 experiments completed

Detailed Status:
----------------
  γ = 0_00: ✓ COMPLETED (15 epochs, val_loss=28.519295)
  γ = 0_10: ✓ COMPLETED (15 epochs, val_loss=28.989125)
  γ = 1_00: ✓ COMPLETED (15 epochs, val_loss=28.456694)
  γ = 10_00: ⏳ RUNNING (epoch 8/15)
  γ = 100_00: ⏸️ PENDING
  γ = 1000_00: ⏸️ PENDING

Next check in 30 minutes...

========================================
IDENTITY WEIGHT TUNING PROGRESS
Timestamp: 2025-11-03 17:04:42
========================================

Progress: 4 / 6 experiments completed

Detailed Status:
----------------
  γ = 0_00: ✓ COMPLETED (15 epochs, val_loss=28.519295)
  γ = 0_10: ✓ COMPLETED (15 epochs, val_loss=28.989125)
  γ = 1_00: ✓ COMPLETED (15 epochs, val_loss=28.456694)
  γ = 10_00: ✓ COMPLETED (15 epochs, val_loss=28.647693)
  γ = 100_00: ⏳ RUNNING (epoch 8/15)
  γ = 1000_00: ⏸️ PENDING

Next check in 30 minutes...

========================================
IDENTITY WEIGHT TUNING PROGRESS
Timestamp: 2025-11-03 17:34:42
========================================

Progress: 5 / 6 experiments completed

Detailed Status:
----------------
  γ = 0_00: ✓ COMPLETED (15 epochs, val_loss=28.519295)
  γ = 0_10: ✓ COMPLETED (15 epochs, val_loss=28.989125)
  γ = 1_00: ✓ COMPLETED (15 epochs, val_loss=28.456694)
  γ = 10_00: ✓ COMPLETED (15 epochs, val_loss=28.647693)
  γ = 100_00: ✓ COMPLETED (15 epochs, val_loss=28.584569)
  γ = 1000_00: ⏳ RUNNING (epoch 7/15)

Next check in 30 minutes...

========================================
IDENTITY WEIGHT TUNING PROGRESS
Timestamp: 2025-11-03 18:04:42
========================================

Progress: 6 / 6 experiments completed

Detailed Status:
----------------
  γ = 0_00: ✓ COMPLETED (15 epochs, val_loss=28.519295)
  γ = 0_10: ✓ COMPLETED (15 epochs, val_loss=28.989125)
  γ = 1_00: ✓ COMPLETED (15 epochs, val_loss=28.456694)
  γ = 10_00: ✓ COMPLETED (15 epochs, val_loss=28.647693)
  γ = 100_00: ✓ COMPLETED (15 epochs, val_loss=28.584569)
  γ = 1000_00: ✓ COMPLETED (15 epochs, val_loss=31.312492)

========================================
🎉 ALL EXPERIMENTS COMPLETED!
========================================

FINAL RESULTS SUMMARY:
----------------------

Results saved to: results/tuning/
  - identity_comparison.png (3-way trade-off plot)
  - identity_metrics.csv (detailed metrics)
  - identity_tuning_results.json (full results)

Monitoring completed at: Mon Nov  3 06:04:43 PM PST 2025
